[    1840ms] [ERROR] Failed to load resource: the server responded with a status of 401 () @ https://manager.eu.ovhcloud.com/engine/2api/configuration?app=shell:0
[    2690ms] [VERBOSE] [DOM] Input elements should have autocomplete attributes (suggested: "current-password"): (More info: https://goo.gl/9p2vKq) %o @ https://auth.eu.ovhcloud.com/signin/?action=disconnect&onsuccess=https%3A%2F%2Fmanager.eu.ovhcloud.com%2F%23%2Fweb%2Fdomain%2Fkhedhiri.me%2Fzone:0
[    2739ms] [ERROR] Failed to load resource: the server responded with a status of 404 () @ https://auth.eu.ovhcloud.com/favicon.ico:0
[   81660ms] [ERROR] Failed to load resource: the server responded with a status of 404 () @ https://manager.eu.ovhcloud.com/translations/communications/Messages_fr_FR.json:0
[   81741ms] [LOG] %cODS %cOdsRadioController color: white;background:#004fd6;font-weight: bold; font-size:10px; padding:2px 6px; border-radius: 5px 0px 0px 5px color: black;background:#d4e0e7;font-weight: bold; font-size:10px; padding:2px 6px; border-radius: 0px 5px 5px 0px [radio=classic] connectedCallback @ https://manager.eu.ovhcloud.com/assets/index-D4IKmJgE.js:49
[   81741ms] [LOG] %cODS %cOdsRadioController color: white;background:#004fd6;font-weight: bold; font-size:10px; padding:2px 6px; border-radius: 5px 0px 0px 5px color: black;background:#d4e0e7;font-weight: bold; font-size:10px; padding:2px 6px; border-radius: 0px 5px 5px 0px [radio=classic] checked changed. update child {checked: false} @ https://manager.eu.ovhcloud.com/assets/index-D4IKmJgE.js:49
[   81741ms] [LOG] %cODS %cOdsRadioController color: white;background:#004fd6;font-weight: bold; font-size:10px; padding:2px 6px; border-radius: 5px 0px 0px 5px color: black;background:#d4e0e7;font-weight: bold; font-size:10px; padding:2px 6px; border-radius: 0px 5px 5px 0px [radio=classic] disabled changed. update child {disabled: false} @ https://manager.eu.ovhcloud.com/assets/index-D4IKmJgE.js:49
[   81741ms] [LOG] %cODS %cOdsRadioGroupController color: white;background:#004fd6;font-weight: bold; font-size:10px; padding:2px 6px; border-radius: 5px 0px 0px 5px color: black;background:#d4e0e7;font-weight: bold; font-size:10px; padding:2px 6px; border-radius: 0px 5px 5px 0px [radio-group=ods-radio-group-3] registerRadio {radio: osds-radio} @ https://manager.eu.ovhcloud.com/assets/index-D4IKmJgE.js:49
[   81742ms] [LOG] %cODS %cOdsRadioController color: white;background:#004fd6;font-weight: bold; font-size:10px; padding:2px 6px; border-radius: 5px 0px 0px 5px color: black;background:#d4e0e7;font-weight: bold; font-size:10px; padding:2px 6px; border-radius: 0px 5px 5px 0px [radio=classic] updateState  classic @ https://manager.eu.ovhcloud.com/assets/index-D4IKmJgE.js:49
[   81742ms] [LOG] %cODS %cOdsRadioController color: white;background:#004fd6;font-weight: bold; font-size:10px; padding:2px 6px; border-radius: 5px 0px 0px 5px color: black;background:#d4e0e7;font-weight: bold; font-size:10px; padding:2px 6px; border-radius: 0px 5px 5px 0px [radio=beta] connectedCallback @ https://manager.eu.ovhcloud.com/assets/index-D4IKmJgE.js:49
[   81742ms] [LOG] %cODS %cOdsRadioController color: white;background:#004fd6;font-weight: bold; font-size:10px; padding:2px 6px; border-radius: 5px 0px 0px 5px color: black;background:#d4e0e7;font-weight: bold; font-size:10px; padding:2px 6px; border-radius: 0px 5px 5px 0px [radio=beta] checked changed. update child {checked: true} @ https://manager.eu.ovhcloud.com/assets/index-D4IKmJgE.js:49
[   81742ms] [LOG] %cODS %cOdsRadioController color: white;background:#004fd6;font-weight: bold; font-size:10px; padding:2px 6px; border-radius: 5px 0px 0px 5px color: black;background:#d4e0e7;font-weight: bold; font-size:10px; padding:2px 6px; border-radius: 0px 5px 5px 0px [radio=beta] disabled changed. update child {disabled: false} @ https://manager.eu.ovhcloud.com/assets/index-D4IKmJgE.js:49
[   81743ms] [LOG] %cODS %cOdsRadioGroupController color: white;background:#004fd6;font-weight: bold; font-size:10px; padding:2px 6px; border-radius: 5px 0px 0px 5px color: black;background:#d4e0e7;font-weight: bold; font-size:10px; padding:2px 6px; border-radius: 0px 5px 5px 0px [radio-group=ods-radio-group-3] registerRadio {radio: osds-radio} @ https://manager.eu.ovhcloud.com/assets/index-D4IKmJgE.js:49
[   81743ms] [LOG] %cODS %cOdsRadioController color: white;background:#004fd6;font-weight: bold; font-size:10px; padding:2px 6px; border-radius: 5px 0px 0px 5px color: black;background:#d4e0e7;font-weight: bold; font-size:10px; padding:2px 6px; border-radius: 0px 5px 5px 0px [radio=beta] updateState  beta @ https://manager.eu.ovhcloud.com/assets/index-D4IKmJgE.js:49
[   81746ms] [LOG] %cODS %cOdsRadioController color: white;background:#004fd6;font-weight: bold; font-size:10px; padding:2px 6px; border-radius: 5px 0px 0px 5px color: black;background:#d4e0e7;font-weight: bold; font-size:10px; padding:2px 6px; border-radius: 0px 5px 5px 0px [radio=classic] checked changed. update child {checked: false} @ https://manager.eu.ovhcloud.com/assets/index-D4IKmJgE.js:49
[   81747ms] [LOG] %cODS %cOdsRadioController color: white;background:#004fd6;font-weight: bold; font-size:10px; padding:2px 6px; border-radius: 5px 0px 0px 5px color: black;background:#d4e0e7;font-weight: bold; font-size:10px; padding:2px 6px; border-radius: 0px 5px 5px 0px [radio=classic] disabled changed. update child {disabled: false} @ https://manager.eu.ovhcloud.com/assets/index-D4IKmJgE.js:49
[   81747ms] [LOG] %cODS %cOdsRadioController color: white;background:#004fd6;font-weight: bold; font-size:10px; padding:2px 6px; border-radius: 5px 0px 0px 5px color: black;background:#d4e0e7;font-weight: bold; font-size:10px; padding:2px 6px; border-radius: 0px 5px 5px 0px [radio=beta] checked changed. update child {checked: true} @ https://manager.eu.ovhcloud.com/assets/index-D4IKmJgE.js:49
[   81747ms] [LOG] %cODS %cOdsRadioController color: white;background:#004fd6;font-weight: bold; font-size:10px; padding:2px 6px; border-radius: 5px 0px 0px 5px color: black;background:#d4e0e7;font-weight: bold; font-size:10px; padding:2px 6px; border-radius: 0px 5px 5px 0px [radio=beta] disabled changed. update child {disabled: false} @ https://manager.eu.ovhcloud.com/assets/index-D4IKmJgE.js:49
[   83375ms] [LOG] WARNING: Tried to load AngularJS more than once. @ https://manager.eu.ovhcloud.com/web/41854.816560e2e27e77ed157c.bundle.js:1
[   83442ms] [LOG] WARNING: Tried to load AngularJS more than once. @ https://manager.eu.ovhcloud.com/web/41854.816560e2e27e77ed157c.bundle.js:1
[   84079ms] [ERROR] Failed to load resource: the server responded with a status of 404 () @ https://manager.eu.ovhcloud.com/engine/apiv6/me/accessRestriction/backupCode:0
[   84366ms] [WARNING] An iframe which has both allow-scripts and allow-same-origin for its sandbox attribute can escape its sandboxing. @ about:srcdoc:0
[   84940ms] [ERROR] Failed to load resource: the server responded with a status of 404 () @ https://manager.eu.ovhcloud.com/engine/apiv6/hosting/web/khedhiri.me:0
[   85166ms] [ERROR] Failed to load resource: the server responded with a status of 404 () @ https://manager.eu.ovhcloud.com/engine/apiv6/me/preferences/manager/DOMAIN_AUTORENEW_STOP_BOTHER:0
[  369145ms] [WARNING] Blocked aria-hidden on an element because its descendant retained focus. The focus must not be hidden from assistive technology users. Avoid using aria-hidden on a focused element or its ancestor. Consider using the inert attribute instead, which will also prevent focus. For more details, see the aria-hidden section of the WAI-ARIA specification at https://w3c.github.io/aria/#aria-hidden.
Element with focus: <button.btn btn-lg btn-primary ng-hide>
Ancestor with aria-hidden: <div.wizard-step-container ng-hide> @ https://manager.eu.ovhcloud.com/web/#/domain/khedhiri.me/zone:0
