[     270ms] [LOG] %c
▲

    ____                               _ __
   / __ \________  ____ _____ ___     (_) /_
  / / / / ___/ _ \/ __ `/ __ `__ \   / / __/
 / /_/ / /  /  __/ /_/ / / / / / /  / / /__
/_____/_/   \___/\__,_/_/ /_/ /_/  /_/\__( )
   _____ __    _          _ __           |/
  / ___// /_  (_)___     (_) /_
  \__ \/ __ \/ / __ \   / / __/
 ___/ / / / / / /_/ /  / / /_
/____/_/ /_/_/ .___/  /_/\__/
            /_/
  

Hello!

- Open Source https://vercel.com/oss
- Careers https://vercel.com/careers
- Status https://vercel-status.com

 font-family: "Geist Mono", monospace; white-space: pre; line-height: 1; @ https://vercel.com/_next/static/chunks/1l29vw7u8_irq.js?dpl=dpl_Go72LmjD8Ev2L4BffqagGfL8PLaD:78
[     986ms] [WARNING] Deprecated API for given entry type. @ https://vercel.com/_next/static/chunks/24660xudx800e.js?dpl=dpl_Go72LmjD8Ev2L4BffqagGfL8PLaD:18
[    1557ms] Error: Minified React error #418; visit https://react.dev/errors/418?args[]=HTML&args[]= for the full message or use the non-minified dev environment for full errors and additional helpful warnings.
    at r1 (https://vercel.com/_next/static/chunks/1l29vw7u8_irq.js?dpl=dpl_Go72LmjD8Ev2L4BffqagGfL8PLaD:79:44368)
    at iE (https://vercel.com/_next/static/chunks/1l29vw7u8_irq.js?dpl=dpl_Go72LmjD8Ev2L4BffqagGfL8PLaD:79:98380)
    at sV (https://vercel.com/_next/static/chunks/1l29vw7u8_irq.js?dpl=dpl_Go72LmjD8Ev2L4BffqagGfL8PLaD:79:139311)
    at https://vercel.com/_next/static/chunks/1l29vw7u8_irq.js?dpl=dpl_Go72LmjD8Ev2L4BffqagGfL8PLaD:79:139156
    at sB (https://vercel.com/_next/static/chunks/1l29vw7u8_irq.js?dpl=dpl_Go72LmjD8Ev2L4BffqagGfL8PLaD:79:139164)
    at sO (https://vercel.com/_next/static/chunks/1l29vw7u8_irq.js?dpl=dpl_Go72LmjD8Ev2L4BffqagGfL8PLaD:79:134221)
    at cm (https://vercel.com/_next/static/chunks/1l29vw7u8_irq.js?dpl=dpl_Go72LmjD8Ev2L4BffqagGfL8PLaD:79:168945)
    at cs (https://vercel.com/_next/static/chunks/1l29vw7u8_irq.js?dpl=dpl_Go72LmjD8Ev2L4BffqagGfL8PLaD:79:166848)
    at cf (https://vercel.com/_next/static/chunks/1l29vw7u8_irq.js?dpl=dpl_Go72LmjD8Ev2L4BffqagGfL8PLaD:79:167205)
    at https://vercel.com/_next/static/chunks/1l29vw7u8_irq.js?dpl=dpl_Go72LmjD8Ev2L4BffqagGfL8PLaD:79:169004
[    1598ms] [ERROR] Failed to load resource: the server responded with a status of 429 () @ https://o205439.ingest.sentry.io/api/1323670/envelope/?sentry_key=d00780d432ac4ccf882f60dd02062e14&sentry_version=7&sentry_client=sentry.javascript.browser%2F7.111.0:0
[    6977ms] [WARNING] The resource https://vercel.com/_next/static/chunks/3ip-f67gik7_b.css?dpl=dpl_Go72LmjD8Ev2L4BffqagGfL8PLaD was preloaded using link preload but not used within a few seconds from the window's load event. Please make sure it has an appropriate `as` value and it is preloaded intentionally. @ https://vercel.com/houssemeddin-6161s-projects:0
[    6977ms] [WARNING] The resource https://vercel.com/_next/static/chunks/1raom_wlrazfc.css?dpl=dpl_Go72LmjD8Ev2L4BffqagGfL8PLaD was preloaded using link preload but not used within a few seconds from the window's load event. Please make sure it has an appropriate `as` value and it is preloaded intentionally. @ https://vercel.com/houssemeddin-6161s-projects:0
[    6977ms] [WARNING] The resource https://vercel.com/_next/static/chunks/31xlhryul0zj0.css?dpl=dpl_Go72LmjD8Ev2L4BffqagGfL8PLaD was preloaded using link preload but not used within a few seconds from the window's load event. Please make sure it has an appropriate `as` value and it is preloaded intentionally. @ https://vercel.com/houssemeddin-6161s-projects:0
[    6977ms] [WARNING] The resource https://vercel.com/_next/static/chunks/1tiefx_0-i8d9.css?dpl=dpl_Go72LmjD8Ev2L4BffqagGfL8PLaD was preloaded using link preload but not used within a few seconds from the window's load event. Please make sure it has an appropriate `as` value and it is preloaded intentionally. @ https://vercel.com/houssemeddin-6161s-projects:0
[    6977ms] [WARNING] The resource https://vercel.com/_next/static/chunks/2cegy48-lpb69.css?dpl=dpl_Go72LmjD8Ev2L4BffqagGfL8PLaD was preloaded using link preload but not used within a few seconds from the window's load event. Please make sure it has an appropriate `as` value and it is preloaded intentionally. @ https://vercel.com/houssemeddin-6161s-projects:0
[    6977ms] [WARNING] The resource https://vercel.com/_next/static/chunks/3xxayu14gb4eg.css?dpl=dpl_Go72LmjD8Ev2L4BffqagGfL8PLaD was preloaded using link preload but not used within a few seconds from the window's load event. Please make sure it has an appropriate `as` value and it is preloaded intentionally. @ https://vercel.com/houssemeddin-6161s-projects:0
[    6977ms] [WARNING] The resource https://vercel.com/_next/static/chunks/075vpnu2qiws7.css?dpl=dpl_Go72LmjD8Ev2L4BffqagGfL8PLaD was preloaded using link preload but not used within a few seconds from the window's load event. Please make sure it has an appropriate `as` value and it is preloaded intentionally. @ https://vercel.com/houssemeddin-6161s-projects:0
[    6977ms] [WARNING] The resource https://vercel.com/_next/static/chunks/3ytkj3y6ksybe.css?dpl=dpl_Go72LmjD8Ev2L4BffqagGfL8PLaD was preloaded using link preload but not used within a few seconds from the window's load event. Please make sure it has an appropriate `as` value and it is preloaded intentionally. @ https://vercel.com/houssemeddin-6161s-projects:0
[    6977ms] [WARNING] The resource https://vercel.com/_next/static/chunks/0tdu88navn_cx.css?dpl=dpl_Go72LmjD8Ev2L4BffqagGfL8PLaD was preloaded using link preload but not used within a few seconds from the window's load event. Please make sure it has an appropriate `as` value and it is preloaded intentionally. @ https://vercel.com/houssemeddin-6161s-projects:0
[    6977ms] [WARNING] The resource https://vercel.com/_next/static/chunks/3so-vf95vuk78.css?dpl=dpl_Go72LmjD8Ev2L4BffqagGfL8PLaD was preloaded using link preload but not used within a few seconds from the window's load event. Please make sure it has an appropriate `as` value and it is preloaded intentionally. @ https://vercel.com/houssemeddin-6161s-projects:0
[    6977ms] [WARNING] The resource https://vercel.com/_next/static/chunks/1peupkuo6szyc.css?dpl=dpl_Go72LmjD8Ev2L4BffqagGfL8PLaD was preloaded using link preload but not used within a few seconds from the window's load event. Please make sure it has an appropriate `as` value and it is preloaded intentionally. @ https://vercel.com/houssemeddin-6161s-projects:0
[    6977ms] [WARNING] The resource https://vercel.com/_next/static/chunks/3j7d6ld0gjv-a.css?dpl=dpl_Go72LmjD8Ev2L4BffqagGfL8PLaD was preloaded using link preload but not used within a few seconds from the window's load event. Please make sure it has an appropriate `as` value and it is preloaded intentionally. @ https://vercel.com/houssemeddin-6161s-projects:0
[    6977ms] [WARNING] The resource https://vercel.com/_next/static/chunks/2p_-jw5q_p-g8.css?dpl=dpl_Go72LmjD8Ev2L4BffqagGfL8PLaD was preloaded using link preload but not used within a few seconds from the window's load event. Please make sure it has an appropriate `as` value and it is preloaded intentionally. @ https://vercel.com/houssemeddin-6161s-projects:0
[    6977ms] [WARNING] The resource https://vercel.com/_next/static/chunks/1x9oiomhry8zd.css?dpl=dpl_Go72LmjD8Ev2L4BffqagGfL8PLaD was preloaded using link preload but not used within a few seconds from the window's load event. Please make sure it has an appropriate `as` value and it is preloaded intentionally. @ https://vercel.com/houssemeddin-6161s-projects:0
[    6977ms] [WARNING] The resource https://vercel.com/_next/static/chunks/3j-cmp-ku7u_u.css?dpl=dpl_Go72LmjD8Ev2L4BffqagGfL8PLaD was preloaded using link preload but not used within a few seconds from the window's load event. Please make sure it has an appropriate `as` value and it is preloaded intentionally. @ https://vercel.com/houssemeddin-6161s-projects:0
[    6977ms] [WARNING] The resource https://vercel.com/_next/static/chunks/1qogt3f5jh13f.css?dpl=dpl_Go72LmjD8Ev2L4BffqagGfL8PLaD was preloaded using link preload but not used within a few seconds from the window's load event. Please make sure it has an appropriate `as` value and it is preloaded intentionally. @ https://vercel.com/houssemeddin-6161s-projects:0
