[     353ms] [LOG] %c
▲

    ________   _ __ _          ____           __
   /  _/ __/  (_) /( )_____   / __/___ ______/ /_
   / // /_   / / __/// ___/  / /_/ __ `/ ___/ __/
 _/ // __/  / / /_  (__  )  / __/ /_/ (__  ) /_
/___/_/    /_/\__/ /____/  /_/  \__,_/____/\__/
    _ __ _                         _    __                    __
   (_) /( )_____   ____  ____     | |  / /__  _____________  / /
  / / __/// ___/  / __ \/ __ \    | | / / _ \/ ___/ ___/ _ \/ /
 / / /_  (__  )  / /_/ / / / /    | |/ /  __/ /  / /__/  __/ /
/_/\__/ /____/   \____/_/ /_/     |___/\___/_/   \___/\___/_/
  

Hello!

- Open Source https://vercel.com/oss
- Careers https://vercel.com/careers
- Status https://vercel-status.com

 font-family: "Geist Mono", monospace; white-space: pre; line-height: 1; @ https://vercel.com/_next/static/chunks/1l29vw7u8_irq.js?dpl=dpl_Go72LmjD8Ev2L4BffqagGfL8PLaD:78
[     677ms] [WARNING] [GSI_LOGGER]: Your client application uses one of the Google One Tap prompt UI status methods that may stop functioning when FedCM becomes mandatory. Refer to the migration guide to update your code accordingly and opt-in to FedCM to test your changes. Learn more: https://developers.google.com/identity/gsi/web/guides/fedcm-migration?s=dc#display_moment and https://developers.google.com/identity/gsi/web/guides/fedcm-migration?s=dc#skipped_moment @ https://accounts.google.com/gsi/client:84
[     678ms] [ERROR] Not signed in with the identity provider. @ https://vercel.com/login:0
[     779ms] [WARNING] Deprecated API for given entry type. @ https://vercel.com/_next/static/chunks/24660xudx800e.js?dpl=dpl_Go72LmjD8Ev2L4BffqagGfL8PLaD:18
[     943ms] [ERROR] Failed to load resource: the server responded with a status of 403 () @ https://vercel.com/api/jwt:0
[    2808ms] [ERROR] [GSI_LOGGER]: FedCM get() rejects with AbortError: signal is aborted without reason @ https://vercel.com/_next/static/chunks/1gn6h_33tyhj4.js?dpl=dpl_Go72LmjD8Ev2L4BffqagGfL8PLaD:1
[    2854ms] [ERROR] Failed to load resource: the server responded with a status of 429 () @ https://o205439.ingest.sentry.io/api/1323670/envelope/?sentry_key=d00780d432ac4ccf882f60dd02062e14&sentry_version=7&sentry_client=sentry.javascript.browser%2F7.111.0:0
[    3389ms] [VERBOSE] [DOM] Password field is not contained in a form: (More info: https://goo.gl/9p2vKq) %o @ https://accounts.google.com/v3/signin/identifier?opparams=%253F&dsh=S1429604220%3A1777230637975642&client_id=258013614557-nema0dumfbottebi6to7aqi85qot9pvs.apps.googleusercontent.com&o2v=2&redirect_uri=https%3A%2F%2Fvercel.com%2Fapi%2Fregistration%2Fgoogle%2Fcallback&response_type=code&scope=openid+profile+email&service=lso&state=d10451e2008795b09501526b5d8679d9579825bd07d1ad7df4c51807d7091e1f0a66199fc66bb7e9e3d2c8f96f55e4a504cb33ff86592882318fc465238933c24cd09981de359519f2ab0854f316c66ca71c5a53e22ee844dd92ee050fb73d1b42874c244b998543d7c62a2c163d8e6bef1f38a1f1ee2bb04f5381ea3773aa57e6bf357fbe868391507e2ea29ccfcedb6698d5ee2816604f55dda9e021953dfd5c5fbd4dfeac13962263c85880dc5bbda132ec0eecf33f085513e84bce819922ee8d6e083090fd0da322f85f2403cb8cd7202f013622c30027497937f9905f7291f00c9169b286f43ea6c0c927&flowName=GeneralOAuthFlow&continue=https%3A%2F%2Faccounts.google.com%2Fsignin%2Foauth%2Fconsent%3Fauthuser%3Dunknown%26part%3DAJi8hANJJsZQkNhuO9ti3PHDvRoEBnKVk0iP5ToHjW8QuTG5Uq87_Gz5Bz4zcmVWhLlG3RSSURaWsSNnqxkmM2L1XIKPGJDBXQK_yCp-qt50QJHkx-yP0U6Lyh_poTOrjl47mes9lqJ0FW5xkRFztwpmy8Eph8-krRjx2gCjkFKuoED8XvtEjSpVRwIkdTlNqFSFpNBfP_YESKyYKMmJT4N91vcqaTG_nIeRZIhP3kB4Xo-cLY3a2XORhLwhfSqsyL-NYLDKnEugW26zdl7CVqxfaeL8ppv8Tgv416zn8tA2Mx5QM4me_aG-tAbO03bXm7Y3VaoI7BKPE_4mNgYeJE6n7Ohr_mSUuU_LSBMZr-87aoaCiBMD1YYlgXjBbO25MC1dW_AP9_VJ1zdiAHXxwQCKaTZU_2aRGEG56r5---N3N6VtyzRxPV1pTwfYScOceVVMJeW1VqCf_kKlEv4sKzraBmp3jHRZVQ%26flowName%3DGeneralOAuthFlow%26as%3DS1429604220%253A1777230637975642%26client_id%3D258013614557-nema0dumfbottebi6to7aqi85qot9pvs.apps.googleusercontent.com%26requestPath%3D%252Fsignin%252Foauth%252Fconsent%23&app_domain=https%3A%2F%2Fvercel.com&rart=ANgoxcff2iCcXFIU0E37wyJTX0UABPbwkI-GOv9ZlUA9DJSiZRiDDPM-g9CGgahf9hJm7_DYDH20nUO5QuW6NM7Q4R11WXZJrrNDG1WdXi7IZoG8fHjJs60:0
[    3395ms] [LOG] %c%s color: red; background: yellow; font-size: 24px; AVERTISSEMENT ! @ https://www.gstatic.com/_/mss/boq-identity/_/js/k=boq-identity.AccountsSignInUi.fr.UT2CgsGvC10.es5.O/am=Kf8GAABCEUgGwP___zcAIACCaOB6FoAmEBkAAAAAAAAAALBAAAAaAQ/d=1/excm=_b,_tp,identifierview/ed=1/dg=0/wt=2/ujg=1/rs=AOaEmlEB0r-KdDM_rg3m9KBhPSvnNz_IQQ/dti=1/m=_b,_tp:468
[    3395ms] [LOG] %c%s font-size: 18px; En utilisant cette console, vous vous exposez au risque que des personnes malveillantes usurpent votre identité et volent vos informations grâce à une attaque appelée Self-XSS.
Ne saisissez pas et ne copiez pas du code que vous ne comprenez pas. @ https://www.gstatic.com/_/mss/boq-identity/_/js/k=boq-identity.AccountsSignInUi.fr.UT2CgsGvC10.es5.O/am=Kf8GAABCEUgGwP___zcAIACCaOB6FoAmEBkAAAAAAAAAALBAAAAaAQ/d=1/excm=_b,_tp,identifierview/ed=1/dg=0/wt=2/ujg=1/rs=AOaEmlEB0r-KdDM_rg3m9KBhPSvnNz_IQQ/dti=1/m=_b,_tp:468
[   14184ms] [WARNING] Blocked aria-hidden on an element because its descendant retained focus. The focus must not be hidden from assistive technology users. Avoid using aria-hidden on a focused element or its ancestor. Consider using the inert attribute instead, which will also prevent focus. For more details, see the aria-hidden section of the WAI-ARIA specification at https://w3c.github.io/aria/#aria-hidden.
Element with focus: <div.sZwd7c B6Vhqe>
Ancestor with aria-hidden: <div.TdwKnf> @ https://accounts.google.com/v3/signin/identifier?opparams=%253F&dsh=S1429604220%3A1777230637975642&client_id=258013614557-nema0dumfbottebi6to7aqi85qot9pvs.apps.googleusercontent.com&o2v=2&redirect_uri=https%3A%2F%2Fvercel.com%2Fapi%2Fregistration%2Fgoogle%2Fcallback&response_type=code&scope=openid+profile+email&service=lso&state=d10451e2008795b09501526b5d8679d9579825bd07d1ad7df4c51807d7091e1f0a66199fc66bb7e9e3d2c8f96f55e4a504cb33ff86592882318fc465238933c24cd09981de359519f2ab0854f316c66ca71c5a53e22ee844dd92ee050fb73d1b42874c244b998543d7c62a2c163d8e6bef1f38a1f1ee2bb04f5381ea3773aa57e6bf357fbe868391507e2ea29ccfcedb6698d5ee2816604f55dda9e021953dfd5c5fbd4dfeac13962263c85880dc5bbda132ec0eecf33f085513e84bce819922ee8d6e083090fd0da322f85f2403cb8cd7202f013622c30027497937f9905f7291f00c9169b286f43ea6c0c927&flowName=GeneralOAuthFlow&continue=https%3A%2F%2Faccounts.google.com%2Fsignin%2Foauth%2Fconsent%3Fauthuser%3Dunknown%26part%3DAJi8hANJJsZQkNhuO9ti3PHDvRoEBnKVk0iP5ToHjW8QuTG5Uq87_Gz5Bz4zcmVWhLlG3RSSURaWsSNnqxkmM2L1XIKPGJDBXQK_yCp-qt50QJHkx-yP0U6Lyh_poTOrjl47mes9lqJ0FW5xkRFztwpmy8Eph8-krRjx2gCjkFKuoED8XvtEjSpVRwIkdTlNqFSFpNBfP_YESKyYKMmJT4N91vcqaTG_nIeRZIhP3kB4Xo-cLY3a2XORhLwhfSqsyL-NYLDKnEugW26zdl7CVqxfaeL8ppv8Tgv416zn8tA2Mx5QM4me_aG-tAbO03bXm7Y3VaoI7BKPE_4mNgYeJE6n7Ohr_mSUuU_LSBMZr-87aoaCiBMD1YYlgXjBbO25MC1dW_AP9_VJ1zdiAHXxwQCKaTZU_2aRGEG56r5---N3N6VtyzRxPV1pTwfYScOceVVMJeW1VqCf_kKlEv4sKzraBmp3jHRZVQ%26flowName%3DGeneralOAuthFlow%26as%3DS1429604220%253A1777230637975642%26client_id%3D258013614557-nema0dumfbottebi6to7aqi85qot9pvs.apps.googleusercontent.com%26requestPath%3D%252Fsignin%252Foauth%252Fconsent%23&app_domain=https%3A%2F%2Fvercel.com&rart=ANgoxcff2iCcXFIU0E37wyJTX0UABPbwkI-GOv9ZlUA9DJSiZRiDDPM-g9CGgahf9hJm7_DYDH20nUO5QuW6NM7Q4R11WXZJrrNDG1WdXi7IZoG8fHjJs60:0
[   17197ms] [LOG] %c
▲

 _____ _              _                    _   _             __
|_   _| |__   ___    / \   __ _  ___ _ __ | |_(_) ___       / /
  | | | '_ \ / _ \  / _ \ / _` |/ _ \ '_ \| __| |/ __|     / /
  | | | | | |  __/ / ___ \ (_| |  __/ | | | |_| | (__     /_/
  |_| |_| |_|\___|/_/   \_\__, |\___|_| |_|\__|_|\___|    (_)
                           |___/
 ___        __               _                   _                 _
|_ _|_ __  / _|_ __ __ _ ___| |_ _ __ _   _  ___| |_ _   _ _ __ ___
 | || '_ \| |_| '__/ _` / __| __| '__| | | |/ __| __| | | | '__/ _ \
 | || | | |  _| | | (_| \__ \ |_| |  | |_| | (__| |_| |_| | | |  __/
|___|_| |_|_| |_|  \__,_|___/\__|_|   \__,_|\___|\__|\__,_|_|  \___|
  

Hello!

- Open Source https://vercel.com/oss
- Careers https://vercel.com/careers
- Status https://vercel-status.com

 font-family: "Geist Mono", monospace; white-space: pre; line-height: 1; @ https://vercel.com/_next/static/chunks/0-ql08uahvm61.js?dpl=dpl_Go72LmjD8Ev2L4BffqagGfL8PLaD:78
[   17303ms] [WARNING] Deprecated API for given entry type. @ https://vercel.com/_next/static/chunks/0p4bfob-v5nr-.js?dpl=dpl_Go72LmjD8Ev2L4BffqagGfL8PLaD:18
[   17491ms] [ERROR] Failed to load resource: the server responded with a status of 403 () @ https://vercel.com/api/jwt:0
[   18662ms] [ERROR] Failed to load resource: the server responded with a status of 404 () @ https://vercel.com/_next/data/build-TfctsWXpff2fKS/houssemeddin-6161s-projects.json:0
[   19131ms] [LOG] %c
▲

    ________   _ __ _          ____           __
   /  _/ __/  (_) /( )_____   / __/___ ______/ /_
   / // /_   / / __/// ___/  / /_/ __ `/ ___/ __/
 _/ // __/  / / /_  (__  )  / __/ /_/ (__  ) /_
/___/_/    /_/\__/ /____/  /_/  \__,_/____/\__/
    _ __ _                         _    __                    __
   (_) /( )_____   ____  ____     | |  / /__  _____________  / /
  / / __/// ___/  / __ \/ __ \    | | / / _ \/ ___/ ___/ _ \/ /
 / / /_  (__  )  / /_/ / / / /    | |/ /  __/ /  / /__/  __/ /
/_/\__/ /____/   \____/_/ /_/     |___/\___/_/   \___/\___/_/
  

Hello!

- Open Source https://vercel.com/oss
- Careers https://vercel.com/careers
- Status https://vercel-status.com

 font-family: "Geist Mono", monospace; white-space: pre; line-height: 1; @ https://vercel.com/_next/static/chunks/1l29vw7u8_irq.js?dpl=dpl_Go72LmjD8Ev2L4BffqagGfL8PLaD:78
[   20059ms] [WARNING] Deprecated API for given entry type. @ https://vercel.com/_next/static/chunks/24660xudx800e.js?dpl=dpl_Go72LmjD8Ev2L4BffqagGfL8PLaD:18
[   20541ms] Error: Minified React error #418; visit https://react.dev/errors/418?args[]=HTML&args[]= for the full message or use the non-minified dev environment for full errors and additional helpful warnings.
    at r1 (https://vercel.com/_next/static/chunks/1l29vw7u8_irq.js?dpl=dpl_Go72LmjD8Ev2L4BffqagGfL8PLaD:79:44368)
    at iE (https://vercel.com/_next/static/chunks/1l29vw7u8_irq.js?dpl=dpl_Go72LmjD8Ev2L4BffqagGfL8PLaD:79:98380)
    at sV (https://vercel.com/_next/static/chunks/1l29vw7u8_irq.js?dpl=dpl_Go72LmjD8Ev2L4BffqagGfL8PLaD:79:139311)
    at https://vercel.com/_next/static/chunks/1l29vw7u8_irq.js?dpl=dpl_Go72LmjD8Ev2L4BffqagGfL8PLaD:79:139156
    at sB (https://vercel.com/_next/static/chunks/1l29vw7u8_irq.js?dpl=dpl_Go72LmjD8Ev2L4BffqagGfL8PLaD:79:139164)
    at sO (https://vercel.com/_next/static/chunks/1l29vw7u8_irq.js?dpl=dpl_Go72LmjD8Ev2L4BffqagGfL8PLaD:79:134221)
    at cm (https://vercel.com/_next/static/chunks/1l29vw7u8_irq.js?dpl=dpl_Go72LmjD8Ev2L4BffqagGfL8PLaD:79:168945)
    at cs (https://vercel.com/_next/static/chunks/1l29vw7u8_irq.js?dpl=dpl_Go72LmjD8Ev2L4BffqagGfL8PLaD:79:166848)
    at cf (https://vercel.com/_next/static/chunks/1l29vw7u8_irq.js?dpl=dpl_Go72LmjD8Ev2L4BffqagGfL8PLaD:79:167205)
    at https://vercel.com/_next/static/chunks/1l29vw7u8_irq.js?dpl=dpl_Go72LmjD8Ev2L4BffqagGfL8PLaD:79:169004
[   20588ms] [ERROR] Failed to load resource: the server responded with a status of 429 () @ https://o205439.ingest.sentry.io/api/1323670/envelope/?sentry_key=d00780d432ac4ccf882f60dd02062e14&sentry_version=7&sentry_client=sentry.javascript.browser%2F7.111.0:0
[   26418ms] [WARNING] The resource https://vercel.com/_next/static/chunks/3ip-f67gik7_b.css?dpl=dpl_Go72LmjD8Ev2L4BffqagGfL8PLaD was preloaded using link preload but not used within a few seconds from the window's load event. Please make sure it has an appropriate `as` value and it is preloaded intentionally. @ https://vercel.com/houssemeddin-6161s-projects:0
[   26418ms] [WARNING] The resource https://vercel.com/_next/static/chunks/1raom_wlrazfc.css?dpl=dpl_Go72LmjD8Ev2L4BffqagGfL8PLaD was preloaded using link preload but not used within a few seconds from the window's load event. Please make sure it has an appropriate `as` value and it is preloaded intentionally. @ https://vercel.com/houssemeddin-6161s-projects:0
[   26418ms] [WARNING] The resource https://vercel.com/_next/static/chunks/31xlhryul0zj0.css?dpl=dpl_Go72LmjD8Ev2L4BffqagGfL8PLaD was preloaded using link preload but not used within a few seconds from the window's load event. Please make sure it has an appropriate `as` value and it is preloaded intentionally. @ https://vercel.com/houssemeddin-6161s-projects:0
[   26418ms] [WARNING] The resource https://vercel.com/_next/static/chunks/1tiefx_0-i8d9.css?dpl=dpl_Go72LmjD8Ev2L4BffqagGfL8PLaD was preloaded using link preload but not used within a few seconds from the window's load event. Please make sure it has an appropriate `as` value and it is preloaded intentionally. @ https://vercel.com/houssemeddin-6161s-projects:0
[   26418ms] [WARNING] The resource https://vercel.com/_next/static/chunks/2cegy48-lpb69.css?dpl=dpl_Go72LmjD8Ev2L4BffqagGfL8PLaD was preloaded using link preload but not used within a few seconds from the window's load event. Please make sure it has an appropriate `as` value and it is preloaded intentionally. @ https://vercel.com/houssemeddin-6161s-projects:0
[   26418ms] [WARNING] The resource https://vercel.com/_next/static/chunks/3xxayu14gb4eg.css?dpl=dpl_Go72LmjD8Ev2L4BffqagGfL8PLaD was preloaded using link preload but not used within a few seconds from the window's load event. Please make sure it has an appropriate `as` value and it is preloaded intentionally. @ https://vercel.com/houssemeddin-6161s-projects:0
[   26418ms] [WARNING] The resource https://vercel.com/_next/static/chunks/075vpnu2qiws7.css?dpl=dpl_Go72LmjD8Ev2L4BffqagGfL8PLaD was preloaded using link preload but not used within a few seconds from the window's load event. Please make sure it has an appropriate `as` value and it is preloaded intentionally. @ https://vercel.com/houssemeddin-6161s-projects:0
[   26418ms] [WARNING] The resource https://vercel.com/_next/static/chunks/3ytkj3y6ksybe.css?dpl=dpl_Go72LmjD8Ev2L4BffqagGfL8PLaD was preloaded using link preload but not used within a few seconds from the window's load event. Please make sure it has an appropriate `as` value and it is preloaded intentionally. @ https://vercel.com/houssemeddin-6161s-projects:0
[   26418ms] [WARNING] The resource https://vercel.com/_next/static/chunks/0tdu88navn_cx.css?dpl=dpl_Go72LmjD8Ev2L4BffqagGfL8PLaD was preloaded using link preload but not used within a few seconds from the window's load event. Please make sure it has an appropriate `as` value and it is preloaded intentionally. @ https://vercel.com/houssemeddin-6161s-projects:0
[   26418ms] [WARNING] The resource https://vercel.com/_next/static/chunks/3so-vf95vuk78.css?dpl=dpl_Go72LmjD8Ev2L4BffqagGfL8PLaD was preloaded using link preload but not used within a few seconds from the window's load event. Please make sure it has an appropriate `as` value and it is preloaded intentionally. @ https://vercel.com/houssemeddin-6161s-projects:0
[   26418ms] [WARNING] The resource https://vercel.com/_next/static/chunks/1peupkuo6szyc.css?dpl=dpl_Go72LmjD8Ev2L4BffqagGfL8PLaD was preloaded using link preload but not used within a few seconds from the window's load event. Please make sure it has an appropriate `as` value and it is preloaded intentionally. @ https://vercel.com/houssemeddin-6161s-projects:0
[   26419ms] [WARNING] The resource https://vercel.com/_next/static/chunks/3j7d6ld0gjv-a.css?dpl=dpl_Go72LmjD8Ev2L4BffqagGfL8PLaD was preloaded using link preload but not used within a few seconds from the window's load event. Please make sure it has an appropriate `as` value and it is preloaded intentionally. @ https://vercel.com/houssemeddin-6161s-projects:0
[   26419ms] [WARNING] The resource https://vercel.com/_next/static/chunks/2p_-jw5q_p-g8.css?dpl=dpl_Go72LmjD8Ev2L4BffqagGfL8PLaD was preloaded using link preload but not used within a few seconds from the window's load event. Please make sure it has an appropriate `as` value and it is preloaded intentionally. @ https://vercel.com/houssemeddin-6161s-projects:0
[   26419ms] [WARNING] The resource https://vercel.com/_next/static/chunks/1x9oiomhry8zd.css?dpl=dpl_Go72LmjD8Ev2L4BffqagGfL8PLaD was preloaded using link preload but not used within a few seconds from the window's load event. Please make sure it has an appropriate `as` value and it is preloaded intentionally. @ https://vercel.com/houssemeddin-6161s-projects:0
[   26419ms] [WARNING] The resource https://vercel.com/_next/static/chunks/3j-cmp-ku7u_u.css?dpl=dpl_Go72LmjD8Ev2L4BffqagGfL8PLaD was preloaded using link preload but not used within a few seconds from the window's load event. Please make sure it has an appropriate `as` value and it is preloaded intentionally. @ https://vercel.com/houssemeddin-6161s-projects:0
[   26419ms] [WARNING] The resource https://vercel.com/_next/static/chunks/1qogt3f5jh13f.css?dpl=dpl_Go72LmjD8Ev2L4BffqagGfL8PLaD was preloaded using link preload but not used within a few seconds from the window's load event. Please make sure it has an appropriate `as` value and it is preloaded intentionally. @ https://vercel.com/houssemeddin-6161s-projects:0
[   34213ms] [WARNING] The resource https://vercel.com/_next/static/chunks/3ip-f67gik7_b.css?dpl=dpl_Go72LmjD8Ev2L4BffqagGfL8PLaD was preloaded using link preload but not used within a few seconds from the window's load event. Please make sure it has an appropriate `as` value and it is preloaded intentionally. @ https://vercel.com/houssemeddin-6161s-projects:0
[   34213ms] [WARNING] The resource https://vercel.com/_next/static/chunks/1raom_wlrazfc.css?dpl=dpl_Go72LmjD8Ev2L4BffqagGfL8PLaD was preloaded using link preload but not used within a few seconds from the window's load event. Please make sure it has an appropriate `as` value and it is preloaded intentionally. @ https://vercel.com/houssemeddin-6161s-projects:0
[   34213ms] [WARNING] The resource https://vercel.com/_next/static/chunks/31xlhryul0zj0.css?dpl=dpl_Go72LmjD8Ev2L4BffqagGfL8PLaD was preloaded using link preload but not used within a few seconds from the window's load event. Please make sure it has an appropriate `as` value and it is preloaded intentionally. @ https://vercel.com/houssemeddin-6161s-projects:0
[   34213ms] [WARNING] The resource https://vercel.com/_next/static/chunks/1tiefx_0-i8d9.css?dpl=dpl_Go72LmjD8Ev2L4BffqagGfL8PLaD was preloaded using link preload but not used within a few seconds from the window's load event. Please make sure it has an appropriate `as` value and it is preloaded intentionally. @ https://vercel.com/houssemeddin-6161s-projects:0
[   34213ms] [WARNING] The resource https://vercel.com/_next/static/chunks/2cegy48-lpb69.css?dpl=dpl_Go72LmjD8Ev2L4BffqagGfL8PLaD was preloaded using link preload but not used within a few seconds from the window's load event. Please make sure it has an appropriate `as` value and it is preloaded intentionally. @ https://vercel.com/houssemeddin-6161s-projects:0
[   34213ms] [WARNING] The resource https://vercel.com/_next/static/chunks/3xxayu14gb4eg.css?dpl=dpl_Go72LmjD8Ev2L4BffqagGfL8PLaD was preloaded using link preload but not used within a few seconds from the window's load event. Please make sure it has an appropriate `as` value and it is preloaded intentionally. @ https://vercel.com/houssemeddin-6161s-projects:0
[   34213ms] [WARNING] The resource https://vercel.com/_next/static/chunks/075vpnu2qiws7.css?dpl=dpl_Go72LmjD8Ev2L4BffqagGfL8PLaD was preloaded using link preload but not used within a few seconds from the window's load event. Please make sure it has an appropriate `as` value and it is preloaded intentionally. @ https://vercel.com/houssemeddin-6161s-projects:0
[   34213ms] [WARNING] The resource https://vercel.com/_next/static/chunks/3ytkj3y6ksybe.css?dpl=dpl_Go72LmjD8Ev2L4BffqagGfL8PLaD was preloaded using link preload but not used within a few seconds from the window's load event. Please make sure it has an appropriate `as` value and it is preloaded intentionally. @ https://vercel.com/houssemeddin-6161s-projects:0
[   34213ms] [WARNING] The resource https://vercel.com/_next/static/chunks/0tdu88navn_cx.css?dpl=dpl_Go72LmjD8Ev2L4BffqagGfL8PLaD was preloaded using link preload but not used within a few seconds from the window's load event. Please make sure it has an appropriate `as` value and it is preloaded intentionally. @ https://vercel.com/houssemeddin-6161s-projects:0
[   34213ms] [WARNING] The resource https://vercel.com/_next/static/chunks/3so-vf95vuk78.css?dpl=dpl_Go72LmjD8Ev2L4BffqagGfL8PLaD was preloaded using link preload but not used within a few seconds from the window's load event. Please make sure it has an appropriate `as` value and it is preloaded intentionally. @ https://vercel.com/houssemeddin-6161s-projects:0
[   34213ms] [WARNING] The resource https://vercel.com/_next/static/chunks/1peupkuo6szyc.css?dpl=dpl_Go72LmjD8Ev2L4BffqagGfL8PLaD was preloaded using link preload but not used within a few seconds from the window's load event. Please make sure it has an appropriate `as` value and it is preloaded intentionally. @ https://vercel.com/houssemeddin-6161s-projects:0
[   34213ms] [WARNING] The resource https://vercel.com/_next/static/chunks/3j7d6ld0gjv-a.css?dpl=dpl_Go72LmjD8Ev2L4BffqagGfL8PLaD was preloaded using link preload but not used within a few seconds from the window's load event. Please make sure it has an appropriate `as` value and it is preloaded intentionally. @ https://vercel.com/houssemeddin-6161s-projects:0
[   34213ms] [WARNING] The resource https://vercel.com/_next/static/chunks/2p_-jw5q_p-g8.css?dpl=dpl_Go72LmjD8Ev2L4BffqagGfL8PLaD was preloaded using link preload but not used within a few seconds from the window's load event. Please make sure it has an appropriate `as` value and it is preloaded intentionally. @ https://vercel.com/houssemeddin-6161s-projects:0
[   34213ms] [WARNING] The resource https://vercel.com/_next/static/chunks/1x9oiomhry8zd.css?dpl=dpl_Go72LmjD8Ev2L4BffqagGfL8PLaD was preloaded using link preload but not used within a few seconds from the window's load event. Please make sure it has an appropriate `as` value and it is preloaded intentionally. @ https://vercel.com/houssemeddin-6161s-projects:0
[   34213ms] [WARNING] The resource https://vercel.com/_next/static/chunks/3j-cmp-ku7u_u.css?dpl=dpl_Go72LmjD8Ev2L4BffqagGfL8PLaD was preloaded using link preload but not used within a few seconds from the window's load event. Please make sure it has an appropriate `as` value and it is preloaded intentionally. @ https://vercel.com/houssemeddin-6161s-projects:0
[   34213ms] [WARNING] The resource https://vercel.com/_next/static/chunks/1qogt3f5jh13f.css?dpl=dpl_Go72LmjD8Ev2L4BffqagGfL8PLaD was preloaded using link preload but not used within a few seconds from the window's load event. Please make sure it has an appropriate `as` value and it is preloaded intentionally. @ https://vercel.com/houssemeddin-6161s-projects:0
[   39879ms] [WARNING] The resource https://vercel.com/_next/static/chunks/3ip-f67gik7_b.css?dpl=dpl_Go72LmjD8Ev2L4BffqagGfL8PLaD was preloaded using link preload but not used within a few seconds from the window's load event. Please make sure it has an appropriate `as` value and it is preloaded intentionally. @ https://vercel.com/houssemeddin-6161s-projects:0
[   39879ms] [WARNING] The resource https://vercel.com/_next/static/chunks/1raom_wlrazfc.css?dpl=dpl_Go72LmjD8Ev2L4BffqagGfL8PLaD was preloaded using link preload but not used within a few seconds from the window's load event. Please make sure it has an appropriate `as` value and it is preloaded intentionally. @ https://vercel.com/houssemeddin-6161s-projects:0
[   39879ms] [WARNING] The resource https://vercel.com/_next/static/chunks/31xlhryul0zj0.css?dpl=dpl_Go72LmjD8Ev2L4BffqagGfL8PLaD was preloaded using link preload but not used within a few seconds from the window's load event. Please make sure it has an appropriate `as` value and it is preloaded intentionally. @ https://vercel.com/houssemeddin-6161s-projects:0
[   39879ms] [WARNING] The resource https://vercel.com/_next/static/chunks/1tiefx_0-i8d9.css?dpl=dpl_Go72LmjD8Ev2L4BffqagGfL8PLaD was preloaded using link preload but not used within a few seconds from the window's load event. Please make sure it has an appropriate `as` value and it is preloaded intentionally. @ https://vercel.com/houssemeddin-6161s-projects:0
[   39879ms] [WARNING] The resource https://vercel.com/_next/static/chunks/2cegy48-lpb69.css?dpl=dpl_Go72LmjD8Ev2L4BffqagGfL8PLaD was preloaded using link preload but not used within a few seconds from the window's load event. Please make sure it has an appropriate `as` value and it is preloaded intentionally. @ https://vercel.com/houssemeddin-6161s-projects:0
[   39879ms] [WARNING] The resource https://vercel.com/_next/static/chunks/3xxayu14gb4eg.css?dpl=dpl_Go72LmjD8Ev2L4BffqagGfL8PLaD was preloaded using link preload but not used within a few seconds from the window's load event. Please make sure it has an appropriate `as` value and it is preloaded intentionally. @ https://vercel.com/houssemeddin-6161s-projects:0
[   39879ms] [WARNING] The resource https://vercel.com/_next/static/chunks/075vpnu2qiws7.css?dpl=dpl_Go72LmjD8Ev2L4BffqagGfL8PLaD was preloaded using link preload but not used within a few seconds from the window's load event. Please make sure it has an appropriate `as` value and it is preloaded intentionally. @ https://vercel.com/houssemeddin-6161s-projects:0
[   39879ms] [WARNING] The resource https://vercel.com/_next/static/chunks/3ytkj3y6ksybe.css?dpl=dpl_Go72LmjD8Ev2L4BffqagGfL8PLaD was preloaded using link preload but not used within a few seconds from the window's load event. Please make sure it has an appropriate `as` value and it is preloaded intentionally. @ https://vercel.com/houssemeddin-6161s-projects:0
[   39879ms] [WARNING] The resource https://vercel.com/_next/static/chunks/0tdu88navn_cx.css?dpl=dpl_Go72LmjD8Ev2L4BffqagGfL8PLaD was preloaded using link preload but not used within a few seconds from the window's load event. Please make sure it has an appropriate `as` value and it is preloaded intentionally. @ https://vercel.com/houssemeddin-6161s-projects:0
[   39879ms] [WARNING] The resource https://vercel.com/_next/static/chunks/3so-vf95vuk78.css?dpl=dpl_Go72LmjD8Ev2L4BffqagGfL8PLaD was preloaded using link preload but not used within a few seconds from the window's load event. Please make sure it has an appropriate `as` value and it is preloaded intentionally. @ https://vercel.com/houssemeddin-6161s-projects:0
[   39879ms] [WARNING] The resource https://vercel.com/_next/static/chunks/1peupkuo6szyc.css?dpl=dpl_Go72LmjD8Ev2L4BffqagGfL8PLaD was preloaded using link preload but not used within a few seconds from the window's load event. Please make sure it has an appropriate `as` value and it is preloaded intentionally. @ https://vercel.com/houssemeddin-6161s-projects:0
[   39880ms] [WARNING] The resource https://vercel.com/_next/static/chunks/3j7d6ld0gjv-a.css?dpl=dpl_Go72LmjD8Ev2L4BffqagGfL8PLaD was preloaded using link preload but not used within a few seconds from the window's load event. Please make sure it has an appropriate `as` value and it is preloaded intentionally. @ https://vercel.com/houssemeddin-6161s-projects:0
[   39880ms] [WARNING] The resource https://vercel.com/_next/static/chunks/2p_-jw5q_p-g8.css?dpl=dpl_Go72LmjD8Ev2L4BffqagGfL8PLaD was preloaded using link preload but not used within a few seconds from the window's load event. Please make sure it has an appropriate `as` value and it is preloaded intentionally. @ https://vercel.com/houssemeddin-6161s-projects:0
[   39880ms] [WARNING] The resource https://vercel.com/_next/static/chunks/1x9oiomhry8zd.css?dpl=dpl_Go72LmjD8Ev2L4BffqagGfL8PLaD was preloaded using link preload but not used within a few seconds from the window's load event. Please make sure it has an appropriate `as` value and it is preloaded intentionally. @ https://vercel.com/houssemeddin-6161s-projects:0
[   39880ms] [WARNING] The resource https://vercel.com/_next/static/chunks/3j-cmp-ku7u_u.css?dpl=dpl_Go72LmjD8Ev2L4BffqagGfL8PLaD was preloaded using link preload but not used within a few seconds from the window's load event. Please make sure it has an appropriate `as` value and it is preloaded intentionally. @ https://vercel.com/houssemeddin-6161s-projects:0
[   39880ms] [WARNING] The resource https://vercel.com/_next/static/chunks/1qogt3f5jh13f.css?dpl=dpl_Go72LmjD8Ev2L4BffqagGfL8PLaD was preloaded using link preload but not used within a few seconds from the window's load event. Please make sure it has an appropriate `as` value and it is preloaded intentionally. @ https://vercel.com/houssemeddin-6161s-projects:0
